// Jest Snapshot v1, https://goo.gl/fbAQLP

exports[`NavBarTwo should render correctly 1`] = `
ShallowWrapper {
  "length": 1,
  Symbol(enzyme.__root__): [Circular],
  Symbol(enzyme.__unrendered__): <NavBarTwo />,
  Symbol(enzyme.__renderer__): Object {
    "batchedUpdates": [Function],
    "getNode": [Function],
    "render": [Function],
    "simulateEvent": [Function],
    "unmount": [Function],
  },
  Symbol(enzyme.__node__): Object {
    "instance": null,
    "key": undefined,
    "nodeType": "host",
    "props": Object {
      "children": <div
        className="nav-wide"
      >
        <ul
          className="menu"
        >
          <li>
            <div
              className="legend"
              href="#"
            >
              Bangkok / 
            </div>
          </li>
          <li>
            <a
              className="link"
              href="#"
            >
              Chinese New Year
            </a>
          </li>
          <li>
            <a
              className="link"
              href="#"
            >
              Date Night
            </a>
          </li>
          <li>
            <a
              className="link"
              href="#"
            >
              Group Dinner
            </a>
          </li>
          <li>
            <a
              className="link"
              href="#"
            >
              Buisness Meals
            </a>
          </li>
        </ul>
        <div
          className="search"
        >
          <span
            className="legend"
          >
            Search:
          </span>
          <a
            className="link"
            href="#"
          >
            Restaurant/Cuisine/Area
          </a>
        </div>
      </div>,
      "className": "nav-bar-two",
    },
    "ref": null,
    "rendered": Object {
      "instance": null,
      "key": undefined,
      "nodeType": "host",
      "props": Object {
        "children": Array [
          <ul
            className="menu"
          >
            <li>
              <div
                className="legend"
                href="#"
              >
                Bangkok / 
              </div>
            </li>
            <li>
              <a
                className="link"
                href="#"
              >
                Chinese New Year
              </a>
            </li>
            <li>
              <a
                className="link"
                href="#"
              >
                Date Night
              </a>
            </li>
            <li>
              <a
                className="link"
                href="#"
              >
                Group Dinner
              </a>
            </li>
            <li>
              <a
                className="link"
                href="#"
              >
                Buisness Meals
              </a>
            </li>
          </ul>,
          <div
            className="search"
          >
            <span
              className="legend"
            >
              Search:
            </span>
            <a
              className="link"
              href="#"
            >
              Restaurant/Cuisine/Area
            </a>
          </div>,
        ],
        "className": "nav-wide",
      },
      "ref": null,
      "rendered": Array [
        Object {
          "instance": null,
          "key": undefined,
          "nodeType": "host",
          "props": Object {
            "children": Array [
              <li>
                <div
                  className="legend"
                  href="#"
                >
                  Bangkok / 
                </div>
              </li>,
              <li>
                <a
                  className="link"
                  href="#"
                >
                  Chinese New Year
                </a>
              </li>,
              <li>
                <a
                  className="link"
                  href="#"
                >
                  Date Night
                </a>
              </li>,
              <li>
                <a
                  className="link"
                  href="#"
                >
                  Group Dinner
                </a>
              </li>,
              <li>
                <a
                  className="link"
                  href="#"
                >
                  Buisness Meals
                </a>
              </li>,
            ],
            "className": "menu",
          },
          "ref": null,
          "rendered": Array [
            Object {
              "instance": null,
              "key": undefined,
              "nodeType": "host",
              "props": Object {
                "children": <div
                  className="legend"
                  href="#"
                >
                  Bangkok / 
                </div>,
              },
              "ref": null,
              "rendered": Object {
                "instance": null,
                "key": undefined,
                "nodeType": "host",
                "props": Object {
                  "children": "Bangkok / ",
                  "className": "legend",
                  "href": "#",
                },
                "ref": null,
                "rendered": "Bangkok / ",
                "type": "div",
              },
              "type": "li",
            },
            Object {
              "instance": null,
              "key": undefined,
              "nodeType": "host",
              "props": Object {
                "children": <a
                  className="link"
                  href="#"
                >
                  Chinese New Year
                </a>,
              },
              "ref": null,
              "rendered": Object {
                "instance": null,
                "key": undefined,
                "nodeType": "host",
                "props": Object {
                  "children": "Chinese New Year",
                  "className": "link",
                  "href": "#",
                },
                "ref": null,
                "rendered": "Chinese New Year",
                "type": "a",
              },
              "type": "li",
            },
            Object {
              "instance": null,
              "key": undefined,
              "nodeType": "host",
              "props": Object {
                "children": <a
                  className="link"
                  href="#"
                >
                  Date Night
                </a>,
              },
              "ref": null,
              "rendered": Object {
                "instance": null,
                "key": undefined,
                "nodeType": "host",
                "props": Object {
                  "children": "Date Night",
                  "className": "link",
                  "href": "#",
                },
                "ref": null,
                "rendered": "Date Night",
                "type": "a",
              },
              "type": "li",
            },
            Object {
              "instance": null,
              "key": undefined,
              "nodeType": "host",
              "props": Object {
                "children": <a
                  className="link"
                  href="#"
                >
                  Group Dinner
                </a>,
              },
              "ref": null,
              "rendered": Object {
                "instance": null,
                "key": undefined,
                "nodeType": "host",
                "props": Object {
                  "children": "Group Dinner",
                  "className": "link",
                  "href": "#",
                },
                "ref": null,
                "rendered": "Group Dinner",
                "type": "a",
              },
              "type": "li",
            },
            Object {
              "instance": null,
              "key": undefined,
              "nodeType": "host",
              "props": Object {
                "children": <a
                  className="link"
                  href="#"
                >
                  Buisness Meals
                </a>,
              },
              "ref": null,
              "rendered": Object {
                "instance": null,
                "key": undefined,
                "nodeType": "host",
                "props": Object {
                  "children": "Buisness Meals",
                  "className": "link",
                  "href": "#",
                },
                "ref": null,
                "rendered": "Buisness Meals",
                "type": "a",
              },
              "type": "li",
            },
          ],
          "type": "ul",
        },
        Object {
          "instance": null,
          "key": undefined,
          "nodeType": "host",
          "props": Object {
            "children": Array [
              <span
                className="legend"
              >
                Search:
              </span>,
              <a
                className="link"
                href="#"
              >
                Restaurant/Cuisine/Area
              </a>,
            ],
            "className": "search",
          },
          "ref": null,
          "rendered": Array [
            Object {
              "instance": null,
              "key": undefined,
              "nodeType": "host",
              "props": Object {
                "children": "Search:",
                "className": "legend",
              },
              "ref": null,
              "rendered": "Search:",
              "type": "span",
            },
            Object {
              "instance": null,
              "key": undefined,
              "nodeType": "host",
              "props": Object {
                "children": "Restaurant/Cuisine/Area",
                "className": "link",
                "href": "#",
              },
              "ref": null,
              "rendered": "Restaurant/Cuisine/Area",
              "type": "a",
            },
          ],
          "type": "div",
        },
      ],
      "type": "div",
    },
    "type": "nav",
  },
  Symbol(enzyme.__nodes__): Array [
    Object {
      "instance": null,
      "key": undefined,
      "nodeType": "host",
      "props": Object {
        "children": <div
          className="nav-wide"
        >
          <ul
            className="menu"
          >
            <li>
              <div
                className="legend"
                href="#"
              >
                Bangkok / 
              </div>
            </li>
            <li>
              <a
                className="link"
                href="#"
              >
                Chinese New Year
              </a>
            </li>
            <li>
              <a
                className="link"
                href="#"
              >
                Date Night
              </a>
            </li>
            <li>
              <a
                className="link"
                href="#"
              >
                Group Dinner
              </a>
            </li>
            <li>
              <a
                className="link"
                href="#"
              >
                Buisness Meals
              </a>
            </li>
          </ul>
          <div
            className="search"
          >
            <span
              className="legend"
            >
              Search:
            </span>
            <a
              className="link"
              href="#"
            >
              Restaurant/Cuisine/Area
            </a>
          </div>
        </div>,
        "className": "nav-bar-two",
      },
      "ref": null,
      "rendered": Object {
        "instance": null,
        "key": undefined,
        "nodeType": "host",
        "props": Object {
          "children": Array [
            <ul
              className="menu"
            >
              <li>
                <div
                  className="legend"
                  href="#"
                >
                  Bangkok / 
                </div>
              </li>
              <li>
                <a
                  className="link"
                  href="#"
                >
                  Chinese New Year
                </a>
              </li>
              <li>
                <a
                  className="link"
                  href="#"
                >
                  Date Night
                </a>
              </li>
              <li>
                <a
                  className="link"
                  href="#"
                >
                  Group Dinner
                </a>
              </li>
              <li>
                <a
                  className="link"
                  href="#"
                >
                  Buisness Meals
                </a>
              </li>
            </ul>,
            <div
              className="search"
            >
              <span
                className="legend"
              >
                Search:
              </span>
              <a
                className="link"
                href="#"
              >
                Restaurant/Cuisine/Area
              </a>
            </div>,
          ],
          "className": "nav-wide",
        },
        "ref": null,
        "rendered": Array [
          Object {
            "instance": null,
            "key": undefined,
            "nodeType": "host",
            "props": Object {
              "children": Array [
                <li>
                  <div
                    className="legend"
                    href="#"
                  >
                    Bangkok / 
                  </div>
                </li>,
                <li>
                  <a
                    className="link"
                    href="#"
                  >
                    Chinese New Year
                  </a>
                </li>,
                <li>
                  <a
                    className="link"
                    href="#"
                  >
                    Date Night
                  </a>
                </li>,
                <li>
                  <a
                    className="link"
                    href="#"
                  >
                    Group Dinner
                  </a>
                </li>,
                <li>
                  <a
                    className="link"
                    href="#"
                  >
                    Buisness Meals
                  </a>
                </li>,
              ],
              "className": "menu",
            },
            "ref": null,
            "rendered": Array [
              Object {
                "instance": null,
                "key": undefined,
                "nodeType": "host",
                "props": Object {
                  "children": <div
                    className="legend"
                    href="#"
                  >
                    Bangkok / 
                  </div>,
                },
                "ref": null,
                "rendered": Object {
                  "instance": null,
                  "key": undefined,
                  "nodeType": "host",
                  "props": Object {
                    "children": "Bangkok / ",
                    "className": "legend",
                    "href": "#",
                  },
                  "ref": null,
                  "rendered": "Bangkok / ",
                  "type": "div",
                },
                "type": "li",
              },
              Object {
                "instance": null,
                "key": undefined,
                "nodeType": "host",
                "props": Object {
                  "children": <a
                    className="link"
                    href="#"
                  >
                    Chinese New Year
                  </a>,
                },
                "ref": null,
                "rendered": Object {
                  "instance": null,
                  "key": undefined,
                  "nodeType": "host",
                  "props": Object {
                    "children": "Chinese New Year",
                    "className": "link",
                    "href": "#",
                  },
                  "ref": null,
                  "rendered": "Chinese New Year",
                  "type": "a",
                },
                "type": "li",
              },
              Object {
                "instance": null,
                "key": undefined,
                "nodeType": "host",
                "props": Object {
                  "children": <a
                    className="link"
                    href="#"
                  >
                    Date Night
                  </a>,
                },
                "ref": null,
                "rendered": Object {
                  "instance": null,
                  "key": undefined,
                  "nodeType": "host",
                  "props": Object {
                    "children": "Date Night",
                    "className": "link",
                    "href": "#",
                  },
                  "ref": null,
                  "rendered": "Date Night",
                  "type": "a",
                },
                "type": "li",
              },
              Object {
                "instance": null,
                "key": undefined,
                "nodeType": "host",
                "props": Object {
                  "children": <a
                    className="link"
                    href="#"
                  >
                    Group Dinner
                  </a>,
                },
                "ref": null,
                "rendered": Object {
                  "instance": null,
                  "key": undefined,
                  "nodeType": "host",
                  "props": Object {
                    "children": "Group Dinner",
                    "className": "link",
                    "href": "#",
                  },
                  "ref": null,
                  "rendered": "Group Dinner",
                  "type": "a",
                },
                "type": "li",
              },
              Object {
                "instance": null,
                "key": undefined,
                "nodeType": "host",
                "props": Object {
                  "children": <a
                    className="link"
                    href="#"
                  >
                    Buisness Meals
                  </a>,
                },
                "ref": null,
                "rendered": Object {
                  "instance": null,
                  "key": undefined,
                  "nodeType": "host",
                  "props": Object {
                    "children": "Buisness Meals",
                    "className": "link",
                    "href": "#",
                  },
                  "ref": null,
                  "rendered": "Buisness Meals",
                  "type": "a",
                },
                "type": "li",
              },
            ],
            "type": "ul",
          },
          Object {
            "instance": null,
            "key": undefined,
            "nodeType": "host",
            "props": Object {
              "children": Array [
                <span
                  className="legend"
                >
                  Search:
                </span>,
                <a
                  className="link"
                  href="#"
                >
                  Restaurant/Cuisine/Area
                </a>,
              ],
              "className": "search",
            },
            "ref": null,
            "rendered": Array [
              Object {
                "instance": null,
                "key": undefined,
                "nodeType": "host",
                "props": Object {
                  "children": "Search:",
                  "className": "legend",
                },
                "ref": null,
                "rendered": "Search:",
                "type": "span",
              },
              Object {
                "instance": null,
                "key": undefined,
                "nodeType": "host",
                "props": Object {
                  "children": "Restaurant/Cuisine/Area",
                  "className": "link",
                  "href": "#",
                },
                "ref": null,
                "rendered": "Restaurant/Cuisine/Area",
                "type": "a",
              },
            ],
            "type": "div",
          },
        ],
        "type": "div",
      },
      "type": "nav",
    },
  ],
  Symbol(enzyme.__options__): Object {
    "adapter": ReactSixteenAdapter {
      "options": Object {
        "enableComponentDidUpdateOnSetState": true,
      },
    },
  },
}
`;
