// Jest Snapshot v1, https://goo.gl/fbAQLP

exports[`Offer should render correctly 1`] = `
ShallowWrapper {
  "length": 1,
  Symbol(enzyme.__root__): [Circular],
  Symbol(enzyme.__unrendered__): <Offer
    data={
      Object {
        "alt": "Dine in the dark logo",
        "id": 1,
        "image": "did.png",
        "price": "1,400 THB",
        "title": "Dine in the Dark for 1-6 people",
        "voucher": "Dine int the Dark for 1-6 people (food only)",
      }
    }
  />,
  Symbol(enzyme.__renderer__): Object {
    "batchedUpdates": [Function],
    "getNode": [Function],
    "render": [Function],
    "simulateEvent": [Function],
    "unmount": [Function],
  },
  Symbol(enzyme.__node__): Object {
    "instance": null,
    "key": undefined,
    "nodeType": "host",
    "props": Object {
      "children": Array [
        <div
          className="image"
        >
          <img
            alt="Dine in the dark logo"
            className="vignette"
            src="./images/did.png"
          />
        </div>,
        <div
          className="text"
        >
          <h2
            className="title"
          >
            Dine in the Dark for 1-6 people
          </h2>
          <p>
            <span>
              Voucher: 
            </span>
            Dine int the Dark for 1-6 people (food only)
          </p>
          <p>
            <span>
              Price: 
            </span>
            1,400 THB
          </p>
          <div
            className="btn"
          >
            Find out More
          </div>
        </div>,
      ],
      "className": "offer",
    },
    "ref": null,
    "rendered": Array [
      Object {
        "instance": null,
        "key": undefined,
        "nodeType": "host",
        "props": Object {
          "children": <img
            alt="Dine in the dark logo"
            className="vignette"
            src="./images/did.png"
          />,
          "className": "image",
        },
        "ref": null,
        "rendered": Object {
          "instance": null,
          "key": undefined,
          "nodeType": "host",
          "props": Object {
            "alt": "Dine in the dark logo",
            "className": "vignette",
            "src": "./images/did.png",
          },
          "ref": null,
          "rendered": null,
          "type": "img",
        },
        "type": "div",
      },
      Object {
        "instance": null,
        "key": undefined,
        "nodeType": "host",
        "props": Object {
          "children": Array [
            <h2
              className="title"
            >
              Dine in the Dark for 1-6 people
            </h2>,
            <p>
              <span>
                Voucher: 
              </span>
              Dine int the Dark for 1-6 people (food only)
            </p>,
            <p>
              <span>
                Price: 
              </span>
              1,400 THB
            </p>,
            <div
              className="btn"
            >
              Find out More
            </div>,
          ],
          "className": "text",
        },
        "ref": null,
        "rendered": Array [
          Object {
            "instance": null,
            "key": undefined,
            "nodeType": "host",
            "props": Object {
              "children": "Dine in the Dark for 1-6 people",
              "className": "title",
            },
            "ref": null,
            "rendered": "Dine in the Dark for 1-6 people",
            "type": "h2",
          },
          Object {
            "instance": null,
            "key": undefined,
            "nodeType": "host",
            "props": Object {
              "children": Array [
                <span>
                  Voucher: 
                </span>,
                "Dine int the Dark for 1-6 people (food only)",
              ],
            },
            "ref": null,
            "rendered": Array [
              Object {
                "instance": null,
                "key": undefined,
                "nodeType": "host",
                "props": Object {
                  "children": "Voucher: ",
                },
                "ref": null,
                "rendered": "Voucher: ",
                "type": "span",
              },
              "Dine int the Dark for 1-6 people (food only)",
            ],
            "type": "p",
          },
          Object {
            "instance": null,
            "key": undefined,
            "nodeType": "host",
            "props": Object {
              "children": Array [
                <span>
                  Price: 
                </span>,
                "1,400 THB",
              ],
            },
            "ref": null,
            "rendered": Array [
              Object {
                "instance": null,
                "key": undefined,
                "nodeType": "host",
                "props": Object {
                  "children": "Price: ",
                },
                "ref": null,
                "rendered": "Price: ",
                "type": "span",
              },
              "1,400 THB",
            ],
            "type": "p",
          },
          Object {
            "instance": null,
            "key": undefined,
            "nodeType": "host",
            "props": Object {
              "children": "Find out More",
              "className": "btn",
            },
            "ref": null,
            "rendered": "Find out More",
            "type": "div",
          },
        ],
        "type": "div",
      },
    ],
    "type": "div",
  },
  Symbol(enzyme.__nodes__): Array [
    Object {
      "instance": null,
      "key": undefined,
      "nodeType": "host",
      "props": Object {
        "children": Array [
          <div
            className="image"
          >
            <img
              alt="Dine in the dark logo"
              className="vignette"
              src="./images/did.png"
            />
          </div>,
          <div
            className="text"
          >
            <h2
              className="title"
            >
              Dine in the Dark for 1-6 people
            </h2>
            <p>
              <span>
                Voucher: 
              </span>
              Dine int the Dark for 1-6 people (food only)
            </p>
            <p>
              <span>
                Price: 
              </span>
              1,400 THB
            </p>
            <div
              className="btn"
            >
              Find out More
            </div>
          </div>,
        ],
        "className": "offer",
      },
      "ref": null,
      "rendered": Array [
        Object {
          "instance": null,
          "key": undefined,
          "nodeType": "host",
          "props": Object {
            "children": <img
              alt="Dine in the dark logo"
              className="vignette"
              src="./images/did.png"
            />,
            "className": "image",
          },
          "ref": null,
          "rendered": Object {
            "instance": null,
            "key": undefined,
            "nodeType": "host",
            "props": Object {
              "alt": "Dine in the dark logo",
              "className": "vignette",
              "src": "./images/did.png",
            },
            "ref": null,
            "rendered": null,
            "type": "img",
          },
          "type": "div",
        },
        Object {
          "instance": null,
          "key": undefined,
          "nodeType": "host",
          "props": Object {
            "children": Array [
              <h2
                className="title"
              >
                Dine in the Dark for 1-6 people
              </h2>,
              <p>
                <span>
                  Voucher: 
                </span>
                Dine int the Dark for 1-6 people (food only)
              </p>,
              <p>
                <span>
                  Price: 
                </span>
                1,400 THB
              </p>,
              <div
                className="btn"
              >
                Find out More
              </div>,
            ],
            "className": "text",
          },
          "ref": null,
          "rendered": Array [
            Object {
              "instance": null,
              "key": undefined,
              "nodeType": "host",
              "props": Object {
                "children": "Dine in the Dark for 1-6 people",
                "className": "title",
              },
              "ref": null,
              "rendered": "Dine in the Dark for 1-6 people",
              "type": "h2",
            },
            Object {
              "instance": null,
              "key": undefined,
              "nodeType": "host",
              "props": Object {
                "children": Array [
                  <span>
                    Voucher: 
                  </span>,
                  "Dine int the Dark for 1-6 people (food only)",
                ],
              },
              "ref": null,
              "rendered": Array [
                Object {
                  "instance": null,
                  "key": undefined,
                  "nodeType": "host",
                  "props": Object {
                    "children": "Voucher: ",
                  },
                  "ref": null,
                  "rendered": "Voucher: ",
                  "type": "span",
                },
                "Dine int the Dark for 1-6 people (food only)",
              ],
              "type": "p",
            },
            Object {
              "instance": null,
              "key": undefined,
              "nodeType": "host",
              "props": Object {
                "children": Array [
                  <span>
                    Price: 
                  </span>,
                  "1,400 THB",
                ],
              },
              "ref": null,
              "rendered": Array [
                Object {
                  "instance": null,
                  "key": undefined,
                  "nodeType": "host",
                  "props": Object {
                    "children": "Price: ",
                  },
                  "ref": null,
                  "rendered": "Price: ",
                  "type": "span",
                },
                "1,400 THB",
              ],
              "type": "p",
            },
            Object {
              "instance": null,
              "key": undefined,
              "nodeType": "host",
              "props": Object {
                "children": "Find out More",
                "className": "btn",
              },
              "ref": null,
              "rendered": "Find out More",
              "type": "div",
            },
          ],
          "type": "div",
        },
      ],
      "type": "div",
    },
  ],
  Symbol(enzyme.__options__): Object {
    "adapter": ReactSixteenAdapter {
      "options": Object {
        "enableComponentDidUpdateOnSetState": true,
      },
    },
  },
}
`;
